[anydesk.com/en-gb/downloads/windows.html]
[backblue.gif]
[fade.gif]
[index.html]
[ad-wa.anydesk.com/js/container_jWh5YR4y.js]
[anydesk.com/_static/css/anydesk.min-480a39.css]
[anydesk.com/_static/video-js/video-js.min-3b9d55.css]
[anydesk.com/_static/img/favicon/apple-touch-icon.png]
[anydesk.com/_static/img/favicon/favicon-32x32.png]
[anydesk.com/_static/img/favicon/favicon-16x16.png]
[anydesk.com/_static/img/logos/anydesk-logo-white-red-ec4e3a.png]
[anydesk.com/_static/img/logos/anydesk-logo-c0861c.png]
[anydesk.com/en-gb/downloads/android.html]
[anydesk.com/en-gb/downloads/raspberry-pi.html]
[anydesk.com/_static/css/slick/slick.min-e6e4f1.css]
[anydesk.com/_static/css/slick/slick-theme.min-7c2e6e.css]
[anydesk.com/en-gb/downloads/windowsbb70.html]
[anydesk.com/en-gb/downloads/mac-os.html]
[anydesk.com/en-gb/downloads/ios.html]
[anydesk.com/en-gb/downloads/linux.html]
[anydesk.com/en-gb/downloads/freebsd.html]
[anydesk.com/en-gb/downloads/chrome-os.html]
[anydesk.com/_static/img/devices/anydesk-device-windows-bcb19f.jpg]
[anydesk.com/_static/img/videos/anydesk-employee-woman-lisa-sitting-office-red-525ce9.jpg]
[anydesk.com/_static/img/sliders/reference-logos/customers/1-f75772.jpg]
[anydesk.com/_static/img/sliders/reference-logos/customers/2-933d52.jpg]
[anydesk.com/_static/img/sliders/reference-logos/customers/3-7dfd4f.jpg]
[anydesk.com/_static/img/sliders/reference-logos/customers/4-dbb9df.jpg]
[anydesk.com/_static/img/sliders/reference-logos/customers/5-3179d1.jpg]
[anydesk.com/_static/img/sliders/reference-logos/customers/6-1f1a16.jpg]
[anydesk.com/_static/img/sliders/reference-logos/customers/7-a49a86.jpg]
[anydesk.com/_static/img/sliders/reference-logos/customers/8-724f09.jpg]
[anydesk.com/_static/img/sliders/reference-logos/customers/9-c52bb8.jpg]
[anydesk.com/_static/img/sliders/reference-logos/customers/10-d87a03.jpg]
[anydesk.com/_static/img/sliders/reference-logos/customers/11-229c76.jpg]
[anydesk.com/_static/img/sliders/reference-logos/customers/12-d4559b.jpg]
[anydesk.com/_static/img/sliders/reference-logos/customers/13-01dce7.jpg]
[anydesk.com/_static/img/sliders/reference-logos/customers/14-ea62c5.jpg]
[anydesk.com/_static/img/sliders/reference-logos/customers/15-e9a4dc.jpg]
[anydesk.com/_static/img/sliders/reference-logos/customers/16-cf5c4d.jpg]
[anydesk.com/_static/img/sliders/reference-logos/customers/17-1b774b.jpg]
[anydesk.com/_static/img/sliders/reference-logos/customers/18-a5a96d.jpg]
[anydesk.com/_static/img/sliders/reference-logos/customers/19-8fd721.jpg]
[anydesk.com/_static/img/sliders/reference-logos/customers/21-b2d550.jpg]
[anydesk.com/_static/img/sliders/reference-logos/customers/22-7d554a.jpg]
[anydesk.com/_static/img/sliders/reference-logos/customers/20-3799e1.jpg]
[anydesk.com/_static/img/sliders/reference-logos/customers/23-eb4707.jpg]
[anydesk.com/_static/img/sliders/reference-logos/customers/25-93b8a4.jpg]
[anydesk.com/_static/img/sliders/reference-logos/customers/24-4c645a.jpg]
[anydesk.com/_static/img/sliders/reference-logos/customers/26-da5cfc.jpg]
[anydesk.com/_static/img/sliders/reference-logos/customers/27-f9c6dc.jpg]
[anydesk.com/_static/img/sliders/reference-logos/customers/28-3e4333.jpg]
[anydesk.com/_static/img/hero/fadeout-stuttgart-opera-mobile-newsletter.jpg]
[anydesk.com/_static/img/favicon/favicon-32x32-d029f3.png]
[anydesk.com/_static/js/jquery-3.5.1.min-d2cc8d.js]
[anydesk.com/_static/js/popper.min-60cc59.js]
[anydesk.com/_static/js/bootstrap.min-0cc93b.js]
[anydesk.com/_static/js/bootstrap-select/bootstrap-select.min-44f87f.js]
[anydesk.com/_static/js/anydesk.min-91486a.js]
[anydesk.com/_static/video-js/video.min-1869f1.js]
[anydesk.com/en-gb/downloads/windows.html]
[www.googletagmanager.com/gtm5445.html]
[anydesk.com/_static/js/slick.min-3b41b3.js]
[anydesk.com/_static/img/resources/anydesk-demo-popup.jpg]
[anydesk.com/_static/img/resources/influencer-before.jpg]
[anydesk.com/_static/img/resources/influencer-after.jpg]
[anydesk.com/_static/img/resources/monitor-anydesk-bubble.png]
[anydesk.com/_static/css/anydesk.min-480a39.css]
[anydesk.com/_static/video-js/video-js.min-3b9d55.css]
[anydesk.com/_static/img/badges/amazon-appstore-badge-5993c8.jpg]
[anydesk.com/_static/img/devices/anydesk-device-android-face79.jpg]
[anydesk.com/en-gb/downloads/android.html]
[anydesk.com/_static/img/videos/anydesk-employee-woman-sitting-office-red-65bcea.jpg]
[anydesk.com/en-gb/downloads/raspberry-pi64d0.html]
[anydesk.com/en-gb/downloads/raspberry-pi.html]
[anydesk.com/_static/css/slick/slick.min-e6e4f1.css]
[anydesk.com/_static/img/devices/anydesk-device-raspberrypi-f625f1.jpg]
[anydesk.com/_static/css/slick/ajax-loader.gif]
[anydesk.com/_static/css/slick/fonts/slick.eot]
[anydesk.com/_static/css/slick/fonts/slickd41d.eot]
[anydesk.com/_static/css/slick/fonts/slick.woff]
[anydesk.com/_static/css/slick/fonts/slick.ttf]
[anydesk.com/_static/css/slick/slick-theme.min-7c2e6e.css]
[anydesk.com/en-gb/downloads/windowsbb70.html]
[anydesk.com/_static/css/slick/fonts/slick.svg]
[anydesk.com/en-gb/downloads/mac-os8fd8.html]
[anydesk.com/en-gb/downloads/mac-os.html]
[anydesk.com/_static/img/devices/anydesk-device-mac-693bb9.jpg]
[anydesk.com/en-gb/downloads/ios.html]
[anydesk.com/_static/img/devices/anydesk-device-ios-d16f6d.jpg]
[anydesk.com/en-gb/downloads/linuxf56b.html]
[anydesk.com/en-gb/downloads/linux2a51.html]
[anydesk.com/en-gb/downloads/linux0872.html]
[anydesk.com/en-gb/downloads/linuxb2fc.html]
[anydesk.com/en-gb/downloads/linuxe8d2.html]
[anydesk.com/en-gb/downloads/linuxfb46.html]
[anydesk.com/en-gb/downloads/linux4a96.html]
[anydesk.com/en-gb/downloads/linux.html]
[anydesk.com/_static/img/devices/anydesk-device-linux-a840a0.jpg]
[anydesk.com/en-gb/downloads/freebsd76e2.html]
[anydesk.com/en-gb/downloads/freebsd.html]
[anydesk.com/_static/img/devices/anydesk-device-freebsd-60a865.jpg]
[anydesk.com/en-gb/downloads/chrome-os.html]
[anydesk.com/en-gb/downloads/raspberry-pi64d0.html]
[anydesk.com/_static/css/slick/fonts/slick.svg]
[anydesk.com/en-gb/downloads/mac-os8fd8.html]
[anydesk.com/en-gb/downloads/linuxf56b.html]
[anydesk.com/en-gb/downloads/linux2a51.html]
[anydesk.com/en-gb/downloads/linux0872.html]
[anydesk.com/en-gb/downloads/linuxb2fc.html]
[anydesk.com/en-gb/downloads/linuxe8d2.html]
[anydesk.com/en-gb/downloads/linuxfb46.html]
[anydesk.com/en-gb/downloads/linux4a96.html]
[anydesk.com/en-gb/downloads/freebsd76e2.html]
[anydesk.com/_static/img/devices/anydesk-device-chrome-e4cc04.jpg]
